error: #[serde(tag = "...")] can only be used on enums
  --> $DIR/internally-tagged-struct.rs:12:10
   |
12 | #[derive(Serialize)]
   |          ^^^^^^^^^

error: aborting due to previous error

