error: enum cannot be both untagged and internally tagged
  --> $DIR/untagged-and-internal.rs:12:10
   |
12 | #[derive(Serialize)]
   |          ^^^^^^^^^

error: aborting due to previous error

