error: variant `Struct` cannot have both #[serde(serialize_with)] and a field `f1` marked with #[serde(skip_serializing)]
  --> $DIR/skip_ser_struct_field.rs:12:10
   |
12 | #[derive(Serialize)]
   |          ^^^^^^^^^

error: aborting due to previous error

