error: variant `Newtype` cannot have both #[serde(serialize_with)] and a field #0 marked with #[serde(skip_serializing_if)]
 --> $DIR/skip_ser_newtype_field_if.rs:6:5
  |
6 | /     #[serde(serialize_with = "serialize_some_newtype_variant")]
7 | |     Newtype(#[serde(skip_serializing_if = "always")] String),
  | |____________________________________________________________^

error: aborting due to previous error

