error: variant `Struct` cannot have both #[serde(deserialize_with)] and a field `f1` marked with #[serde(skip_deserializing)]
 --> $DIR/skip_de_struct_field.rs:4:10
  |
4 | #[derive(Deserialize)]
  |          ^^^^^^^^^^^

error: aborting due to previous error

