error: unknown rename rule for #[serde(rename_all = "abc")]
 --> $DIR/container_unknown_rename_rule.rs:5:22
  |
5 | #[serde(rename_all = "abc")]
  |                      ^^^^^

error: aborting due to previous error

