error: field `s` has no lifetimes to borrow
 --> $DIR/no_lifetimes.rs:4:10
  |
4 | #[derive(Deserialize)]
  |          ^^^^^^^^^^^

error: aborting due to previous error

