error: cannot deserialize when there is a lifetime parameter called 'de
 --> $DIR/deserialize_de_lifetime.rs:5:10
  |
5 | struct S<'de> {
  |          ^^^

error: aborting due to previous error

