error: Serde does not support derive for unions
 --> $DIR/union_ser.rs:5:1
  |
5 | / union Union {
6 | |     x: u8,
7 | |     y: (),
8 | | }
  | |_^

error: aborting due to previous error

