error: #[serde(other)] must be the last variant
 --> $DIR/other_not_last.rs:4:10
  |
4 | #[derive(Deserialize)]
  |          ^^^^^^^^^^^

error: aborting due to previous error

